instruments after pruning: 126  mean F 118.4  min F 30.0
         outcome                       source                           method  nsnp       b      se       p  OR_or_b      lo      hi     Q_p       I2  intercept  intercept_p  global_p  n_outliers
0            SBP    MVP European (Verma 2024)                        IVW (MRE)   119  0.1991  0.0289  0.0000   0.1991  0.1424  0.2558  0.0000  86.2124        NaN          NaN       NaN         NaN
1            SBP    MVP European (Verma 2024)                         MR-Egger   119  0.3081  0.0529  0.0000   0.3081  0.2043  0.4118     NaN      NaN    -0.0035       0.0163       NaN         NaN
2            SBP    MVP European (Verma 2024)                  Weighted median   119  0.2489  0.0245  0.0000   0.2489  0.2009  0.2969     NaN      NaN        NaN          NaN       NaN         NaN
3            SBP    MVP European (Verma 2024)                    Weighted mode   119  0.2796  0.0298  0.0000   0.2796  0.2211  0.3381     NaN      NaN        NaN          NaN       NaN         NaN
4            SBP    MVP European (Verma 2024)    MR-PRESSO (outlier-corrected)    98  0.1983  0.0226  0.0000   0.1983  0.1541  0.2425     NaN      NaN        NaN          NaN    0.0001        21.0
5            SBP    MVP European (Verma 2024)            IVW, Steiger-filtered   118  0.2039  0.0279  0.0000   0.2039  0.1493  0.2586  0.0000  85.1021        NaN          NaN       NaN         NaN
6            SBP    MVP European (Verma 2024)  IVW, excluding TERC & TERT loci   117  0.1680  0.0315  0.0000   0.1680  0.1064  0.2297  0.0000  85.7611        NaN          NaN       NaN         NaN
7            DBP    MVP European (Verma 2024)                        IVW (MRE)   119  0.0956  0.0309  0.0025   0.0956  0.0350  0.1561  0.0000  88.4940        NaN          NaN       NaN         NaN
8            DBP    MVP European (Verma 2024)                         MR-Egger   119  0.1798  0.0572  0.0021   0.1798  0.0677  0.2919     NaN      NaN    -0.0027       0.0838       NaN         NaN
9            DBP    MVP European (Verma 2024)                  Weighted median   119  0.1028  0.0216  0.0000   0.1028  0.0605  0.1452     NaN      NaN        NaN          NaN       NaN         NaN
10           DBP    MVP European (Verma 2024)                    Weighted mode   119  0.1197  0.0200  0.0000   0.1197  0.0806  0.1588     NaN      NaN        NaN          NaN       NaN         NaN
11           DBP    MVP European (Verma 2024)    MR-PRESSO (outlier-corrected)    98  0.1106  0.0193  0.0000   0.1106  0.0727  0.1485     NaN      NaN        NaN          NaN    0.0001        21.0
12           DBP    MVP European (Verma 2024)            IVW, Steiger-filtered   116  0.1143  0.0264  0.0000   0.1143  0.0627  0.1660  0.0000  84.0424        NaN          NaN       NaN         NaN
13           DBP    MVP European (Verma 2024)  IVW, excluding TERC & TERT loci   117  0.0841  0.0343  0.0156   0.0841  0.0170  0.1513  0.0000  88.5830        NaN          NaN       NaN         NaN
14  Hypertension    MVP European (Verma 2024)                        IVW (MRE)   117  0.1300  0.0574  0.0254   1.1388  1.0176  1.2745  0.0000  82.4555        NaN          NaN       NaN         NaN
15  Hypertension    MVP European (Verma 2024)                         MR-Egger   117  0.3693  0.1019  0.0004   1.4467  1.1848  1.7665     NaN      NaN    -0.0080       0.0059       NaN         NaN
16  Hypertension    MVP European (Verma 2024)                  Weighted median   117  0.2075  0.0433  0.0000   1.2306  1.1305  1.3396     NaN      NaN        NaN          NaN       NaN         NaN
17  Hypertension    MVP European (Verma 2024)                    Weighted mode   117  0.3008  0.0408  0.0000   1.3509  1.2470  1.4635     NaN      NaN        NaN          NaN       NaN         NaN
18  Hypertension    MVP European (Verma 2024)    MR-PRESSO (outlier-corrected)   105  0.1839  0.0375  0.0000   1.2019  1.1167  1.2935     NaN      NaN        NaN          NaN    0.0001        12.0
19  Hypertension    MVP European (Verma 2024)            IVW, Steiger-filtered   112  0.1753  0.0437  0.0001   1.1916  1.0938  1.2980  0.0000  69.0291        NaN          NaN       NaN         NaN
20  Hypertension    MVP European (Verma 2024)  IVW, excluding TERC & TERT loci   115  0.0784  0.0666  0.2413   1.0816  0.9492  1.2324  0.0000  82.3477        NaN          NaN       NaN         NaN
21  Hypertension                      FinnGen                        IVW (MRE)   122  0.0184  0.0767  0.8109   1.0186  0.8764  1.1837  0.0000  47.1503        NaN          NaN       NaN         NaN
22  Hypertension                      FinnGen                         MR-Egger   122  0.1049  0.1385  0.4504   1.1106  0.8465  1.4570     NaN      NaN    -0.0028       0.4545       NaN         NaN
23  Hypertension                      FinnGen                  Weighted median   122  0.0636  0.0906  0.4828   1.0656  0.8923  1.2726     NaN      NaN        NaN          NaN       NaN         NaN
24  Hypertension                      FinnGen                    Weighted mode   122  0.0460  0.1003  0.6463   1.0471  0.8603  1.2745     NaN      NaN        NaN          NaN       NaN         NaN
25  Hypertension                      FinnGen    MR-PRESSO (outlier-corrected)   120  0.0508  0.0688  0.4614   1.0521  0.9195  1.2039     NaN      NaN        NaN          NaN    0.0001         2.0
26  Hypertension                      FinnGen            IVW, Steiger-filtered   102  0.0644  0.0574  0.2648   1.0665  0.9530  1.1934  0.7310   0.0000        NaN          NaN       NaN         NaN
27  Hypertension                      FinnGen  IVW, excluding TERC & TERT loci   120 -0.0093  0.0844  0.9125   0.9907  0.8397  1.1689  0.0000  47.6138        NaN          NaN       NaN         NaN
28           SBP  Genes & Health (Huang 2021)                        IVW (MRE)   110  0.0599  0.0471  0.2064   0.0599 -0.0325  0.1523  0.6036   0.0000        NaN          NaN       NaN         NaN
29           SBP  Genes & Health (Huang 2021)                         MR-Egger   110  0.1172  0.0925  0.2079   0.1172 -0.0641  0.2986     NaN      NaN    -0.0017       0.4732       NaN         NaN
30           SBP  Genes & Health (Huang 2021)                  Weighted median   110  0.0579  0.0726  0.4252   0.0579 -0.0845  0.2003     NaN      NaN        NaN          NaN       NaN         NaN
31           SBP  Genes & Health (Huang 2021)                    Weighted mode   110  0.0582  0.0801  0.4676   0.0582 -0.0988  0.2151     NaN      NaN        NaN          NaN       NaN         NaN
32           SBP  Genes & Health (Huang 2021)    MR-PRESSO (outlier-corrected)   110  0.0599  0.0462  0.1970   0.0599 -0.0306  0.1504     NaN      NaN        NaN          NaN    0.6092         0.0
33           SBP  Genes & Health (Huang 2021)            IVW, Steiger-filtered    94  0.0702  0.0487  0.1529   0.0702 -0.0253  0.1657  0.9994   0.0000        NaN          NaN       NaN         NaN
34           SBP  Genes & Health (Huang 2021)  IVW, excluding TERC & TERT loci   109  0.0552  0.0500  0.2720   0.0552 -0.0428  0.1532  0.5792   0.0000        NaN          NaN       NaN         NaN
35           DBP  Genes & Health (Huang 2021)                        IVW (MRE)   110  0.0377  0.0514  0.4643   0.0377 -0.0630  0.1384  0.0911  15.6119        NaN          NaN       NaN         NaN
36           DBP  Genes & Health (Huang 2021)                         MR-Egger   110  0.0725  0.1011  0.4750   0.0725 -0.1257  0.2707     NaN      NaN    -0.0010       0.6902       NaN         NaN
37           DBP  Genes & Health (Huang 2021)                  Weighted median   110  0.0864  0.0752  0.2507   0.0864 -0.0610  0.2339     NaN      NaN        NaN          NaN       NaN         NaN
38           DBP  Genes & Health (Huang 2021)                    Weighted mode   110  0.0859  0.0941  0.3611   0.0859 -0.0985  0.2703     NaN      NaN        NaN          NaN       NaN         NaN
39           DBP  Genes & Health (Huang 2021)    MR-PRESSO (outlier-corrected)   110  0.0377  0.0514  0.4643   0.0377 -0.0630  0.1384     NaN      NaN        NaN          NaN    0.0952         0.0
40           DBP  Genes & Health (Huang 2021)            IVW, Steiger-filtered    92  0.0603  0.0487  0.2184   0.0603 -0.0351  0.1557  0.9994   0.0000        NaN          NaN       NaN         NaN
41           DBP  Genes & Health (Huang 2021)  IVW, excluding TERC & TERT loci   109  0.0230  0.0546  0.6748   0.0230 -0.0840  0.1299  0.0881  15.8760        NaN          NaN       NaN         NaN
42           SBP                Biobank Japan                        IVW (MRE)    96  0.0690  0.0205  0.0011   0.0690  0.0289  0.1091  0.0175  24.7971        NaN          NaN       NaN         NaN
43           SBP                Biobank Japan                         MR-Egger    96  0.1542  0.0396  0.0002   0.1542  0.0765  0.2319     NaN      NaN    -0.0026       0.0147       NaN         NaN
44           SBP                Biobank Japan                  Weighted median    96  0.0962  0.0307  0.0017   0.0962  0.0361  0.1563     NaN      NaN        NaN          NaN       NaN         NaN
45           SBP                Biobank Japan                    Weighted mode    96  0.1436  0.0382  0.0002   0.1436  0.0687  0.2185     NaN      NaN        NaN          NaN       NaN         NaN
46           SBP                Biobank Japan    MR-PRESSO (outlier-corrected)    96  0.0690  0.0205  0.0011   0.0690  0.0289  0.1091     NaN      NaN        NaN          NaN    0.0133         0.0
47           SBP                Biobank Japan            IVW, Steiger-filtered    96  0.0690  0.0205  0.0011   0.0690  0.0289  0.1091  0.0175  24.7971        NaN          NaN       NaN         NaN
48           SBP                Biobank Japan  IVW, excluding TERC & TERT loci    94  0.0364  0.0219  0.0992   0.0364 -0.0064  0.0793  0.0796  17.5474        NaN          NaN       NaN         NaN
49           DBP                Biobank Japan                        IVW (MRE)    96  0.0640  0.0229  0.0062   0.0640  0.0192  0.1088  0.0001  39.8066        NaN          NaN       NaN         NaN
50           DBP                Biobank Japan                         MR-Egger    96  0.1994  0.0428  0.0000   0.1994  0.1154  0.2833     NaN      NaN    -0.0042       0.0004       NaN         NaN
51           DBP                Biobank Japan                  Weighted median    96  0.1229  0.0313  0.0001   0.1229  0.0616  0.1843     NaN      NaN        NaN          NaN       NaN         NaN
52           DBP                Biobank Japan                    Weighted mode    96  0.1483  0.0302  0.0000   0.1483  0.0890  0.2075     NaN      NaN        NaN          NaN       NaN         NaN
53           DBP                Biobank Japan    MR-PRESSO (outlier-corrected)    96  0.0640  0.0229  0.0062   0.0640  0.0192  0.1088     NaN      NaN        NaN          NaN    0.0001         0.0
54           DBP                Biobank Japan            IVW, Steiger-filtered    96  0.0640  0.0229  0.0062   0.0640  0.0192  0.1088  0.0001  39.8066        NaN          NaN       NaN         NaN
55           DBP                Biobank Japan  IVW, excluding TERC & TERT loci    94  0.0349  0.0249  0.1647   0.0349 -0.0139  0.0837  0.0003  36.4738        NaN          NaN       NaN         NaN
56           SBP         MVP African American                        IVW (MRE)   119  0.0678  0.0273  0.0144   0.0678  0.0143  0.1212  0.0000  50.6332        NaN          NaN       NaN         NaN
57           SBP         MVP African American                         MR-Egger   119  0.1438  0.0506  0.0053   0.1438  0.0445  0.2430     NaN      NaN    -0.0025       0.0783       NaN         NaN
58           SBP         MVP African American                  Weighted median   119  0.0305  0.0353  0.3885   0.0305 -0.0388  0.0997     NaN      NaN        NaN          NaN       NaN         NaN
59           SBP         MVP African American                    Weighted mode   119  0.0187  0.0401  0.6408   0.0187 -0.0599  0.0973     NaN      NaN        NaN          NaN       NaN         NaN
60           SBP         MVP African American    MR-PRESSO (outlier-corrected)   116  0.0256  0.0254  0.3154   0.0256 -0.0242  0.0754     NaN      NaN        NaN          NaN    0.0001         3.0
61           SBP         MVP African American            IVW, Steiger-filtered   118  0.0710  0.0264  0.0083   0.0710  0.0192  0.1228  0.0000  47.3516        NaN          NaN       NaN         NaN
62           SBP         MVP African American  IVW, excluding TERC & TERT loci   117  0.0823  0.0305  0.0081   0.0823  0.0224  0.1421  0.0000  50.8924        NaN          NaN       NaN         NaN
63           DBP         MVP African American                        IVW (MRE)   119  0.0476  0.0282  0.0940   0.0476 -0.0077  0.1028  0.0000  53.4410        NaN          NaN       NaN         NaN
64           DBP         MVP African American                         MR-Egger   119  0.0704  0.0529  0.1863   0.0704 -0.0334  0.1741     NaN      NaN    -0.0008       0.6114       NaN         NaN
65           DBP         MVP African American                  Weighted median   119 -0.0094  0.0354  0.7914  -0.0094 -0.0787  0.0600     NaN      NaN        NaN          NaN       NaN         NaN
66           DBP         MVP African American                    Weighted mode   119 -0.0329  0.0389  0.3979  -0.0329 -0.1091  0.0433     NaN      NaN        NaN          NaN       NaN         NaN
67           DBP         MVP African American    MR-PRESSO (outlier-corrected)   117  0.0095  0.0271  0.7264   0.0095 -0.0436  0.0626     NaN      NaN        NaN          NaN    0.0001         2.0
68           DBP         MVP African American            IVW, Steiger-filtered   117  0.0551  0.0267  0.0414   0.0551  0.0027  0.1074  0.0000  47.9079        NaN          NaN       NaN         NaN
69           DBP         MVP African American  IVW, excluding TERC & TERT loci   117  0.0696  0.0312  0.0279   0.0696  0.0083  0.1308  0.0000  52.7489        NaN          NaN       NaN         NaN
70  Hypertension         MVP African American                        IVW (MRE)   119  0.0592  0.0700  0.3992   1.0610  0.9250  1.2171  0.0001  36.2648        NaN          NaN       NaN         NaN
71  Hypertension         MVP African American                         MR-Egger   119  0.1368  0.1306  0.2970   1.1466  0.8876  1.4812     NaN      NaN    -0.0026       0.4827       NaN         NaN
72  Hypertension         MVP African American                  Weighted median   119 -0.0168  0.0962  0.8611   0.9833  0.8144  1.1873     NaN      NaN        NaN          NaN       NaN         NaN
73  Hypertension         MVP African American                    Weighted mode   119  0.0402  0.0859  0.6397   1.0411  0.8797  1.2321     NaN      NaN        NaN          NaN       NaN         NaN
74  Hypertension         MVP African American    MR-PRESSO (outlier-corrected)   118  0.0449  0.0675  0.5079   1.0459  0.9162  1.1939     NaN      NaN        NaN          NaN    0.0002         1.0
75  Hypertension         MVP African American            IVW, Steiger-filtered   101  0.0456  0.0567  0.4231   1.0467  0.9366  1.1697  0.4702   0.3910        NaN          NaN       NaN         NaN
76  Hypertension         MVP African American  IVW, excluding TERC & TERT loci   117  0.0916  0.0786  0.2467   1.0959  0.9394  1.2785  0.0001  36.8777        NaN          NaN       NaN         NaN
77           SBP                 MVP Hispanic                        IVW (MRE)   119  0.1105  0.0353  0.0022   0.1105  0.0412  0.1798  0.0000  52.8407        NaN          NaN       NaN         NaN
78           SBP                 MVP Hispanic                         MR-Egger   119  0.2468  0.0659  0.0003   0.2468  0.1175  0.3760     NaN      NaN    -0.0044       0.0167       NaN         NaN
79           SBP                 MVP Hispanic                  Weighted median   119  0.1028  0.0426  0.0158   0.1028  0.0193  0.1863     NaN      NaN        NaN          NaN       NaN         NaN
80           SBP                 MVP Hispanic                    Weighted mode   119  0.1120  0.0512  0.0288   0.1120  0.0116  0.2124     NaN      NaN        NaN          NaN       NaN         NaN
81           SBP                 MVP Hispanic    MR-PRESSO (outlier-corrected)   116  0.0728  0.0331  0.0297   0.0728  0.0080  0.1377     NaN      NaN        NaN          NaN    0.0001         3.0
82           SBP                 MVP Hispanic            IVW, Steiger-filtered   115  0.1065  0.0336  0.0020   0.1065  0.0406  0.1724  0.0000  47.3618        NaN          NaN       NaN         NaN
83           SBP                 MVP Hispanic  IVW, excluding TERC & TERT loci   117  0.1078  0.0394  0.0072   0.1078  0.0305  0.1851  0.0000  53.0558        NaN          NaN       NaN         NaN
84           DBP                 MVP Hispanic                        IVW (MRE)   119  0.0272  0.0376  0.4714   0.0272 -0.0465  0.1009  0.0000  55.0946        NaN          NaN       NaN         NaN
85           DBP                 MVP Hispanic                         MR-Egger   119  0.1577  0.0705  0.0271   0.1577  0.0196  0.2958     NaN      NaN    -0.0042       0.0315       NaN         NaN
86           DBP                 MVP Hispanic                  Weighted median   119  0.0056  0.0422  0.8946   0.0056 -0.0772  0.0884     NaN      NaN        NaN          NaN       NaN         NaN
87           DBP                 MVP Hispanic                    Weighted mode   119  0.0034  0.0453  0.9410   0.0034 -0.0854  0.0921     NaN      NaN        NaN          NaN       NaN         NaN
88           DBP                 MVP Hispanic    MR-PRESSO (outlier-corrected)   114  0.0166  0.0319  0.6028   0.0166 -0.0459  0.0791     NaN      NaN        NaN          NaN    0.0001         5.0
89           DBP                 MVP Hispanic            IVW, Steiger-filtered   110  0.0640  0.0308  0.0401   0.0640  0.0036  0.1244  0.0015  31.0468        NaN          NaN       NaN         NaN
90           DBP                 MVP Hispanic  IVW, excluding TERC & TERT loci   117  0.0355  0.0422  0.4016   0.0355 -0.0472  0.1182  0.0000  55.7718        NaN          NaN       NaN         NaN
91  Hypertension                 MVP Hispanic                        IVW (MRE)   118  0.0369  0.0794  0.6430   1.0376  0.8881  1.2122  0.0441  18.9169        NaN          NaN       NaN         NaN
92  Hypertension                 MVP Hispanic                         MR-Egger   118  0.2303  0.1611  0.1556   1.2590  0.9180  1.7265     NaN      NaN    -0.0058       0.1710       NaN         NaN
93  Hypertension                 MVP Hispanic                  Weighted median   118 -0.0296  0.1164  0.7991   0.9708  0.7728  1.2196     NaN      NaN        NaN          NaN       NaN         NaN
94  Hypertension                 MVP Hispanic                    Weighted mode   118 -0.0068  0.1649  0.9670   0.9932  0.7189  1.3721     NaN      NaN        NaN          NaN       NaN         NaN
95  Hypertension                 MVP Hispanic    MR-PRESSO (outlier-corrected)   118  0.0369  0.0794  0.6430   1.0376  0.8881  1.2122     NaN      NaN        NaN          NaN    0.0417         0.0
96  Hypertension                 MVP Hispanic            IVW, Steiger-filtered   100  0.0678  0.0735  0.3581   1.0702  0.9267  1.2359  0.9491   0.0000        NaN          NaN       NaN         NaN
97  Hypertension                 MVP Hispanic  IVW, excluding TERC & TERT loci   117  0.0454  0.0828  0.5842   1.0465  0.8898  1.2308  0.0394  19.5098        NaN          NaN       NaN         NaN
